// Jest Snapshot v1, https://goo.gl/fbAQLP

exports[`checkPackageManifest({ kitType: 'library' }) preserves indentation in 'package.json' 1`] = `
"{
	\\"name\\": \\"@rnx-kit/dep-check\\",
	\\"version\\": \\"0.0.1\\",
	\\"peerDependencies\\": {
		\\"react-native\\": \\"^0.64.2\\"
	},
	\\"devDependencies\\": {
		\\"react-native\\": \\"^0.64.2\\"
	}
}
"
`;

exports[`checkPackageManifest({ kitType: 'library' }) prints warnings when detecting bad packages (with version range) 1`] = `
Array [
  Array [
    "warn",
    "Known bad packages are found in '@rnx-kit/dep-check':
    react-native-linear-gradient@*: This package is unmaintained and causes significant degradation in app start up time.",
  ],
]
`;

exports[`checkPackageManifest({ kitType: 'library' }) prints warnings when detecting bad packages 1`] = `
Array [
  Array [
    "warn",
    "Known bad packages are found in '@rnx-kit/dep-check':
    react-native-linear-gradient@*: This package is unmaintained and causes significant degradation in app start up time.",
  ],
]
`;
