// Jest Snapshot v1, https://goo.gl/fbAQLP

exports[`checkPackageManifest({ kitType: 'app' }) (backwards compatibility) adds required dependencies 1`] = `
"{
  \\"name\\": \\"awesome-repo\\",
  \\"version\\": \\"1.0.0\\",
  \\"dependencies\\": {
    \\"@react-native-async-storage/async-storage\\": \\"^1.17.10\\",
    \\"@react-native-community/netinfo\\": \\"^9.0.0\\",
    \\"@rnx-kit/react-native-lazy-index\\": \\"^2.1.7\\",
    \\"conan\\": \\"1.0.0\\",
    \\"hermes-engine\\": \\"~0.11.0\\",
    \\"quaid\\": \\"1.0.0\\",
    \\"react\\": \\"18.1.0\\",
    \\"react-native\\": \\"^0.70.0\\",
    \\"react-native-reanimated\\": \\"^2.10.0\\",
    \\"react-native-webview\\": \\"^11.23.0\\"
  },
  \\"rnx-kit\\": {
    \\"reactNativeVersion\\": \\"^0.70\\",
    \\"kitType\\": \\"app\\",
    \\"capabilities\\": [
      \\"core-android\\",
      \\"hermes\\",
      \\"lazy-index\\"
    ]
  }
}
"
`;
