// Jest Snapshot v1, https://goo.gl/fbAQLP

exports[`ProjectConfigLoader load throws when it can't find a config file 1`] = `"Failed to find 'invalid-config-file-name' under search-path '/Users/afoxman/repos/rnx-kit/packages/typescript-service/test/__fixtures__'"`;

exports[`ProjectConfigLoader load throws when it encounters an invalid config file 1`] = `"Failed to load 'invalid-tsconfig.json' (/Users/afoxman/repos/rnx-kit/packages/typescript-service/test/__fixtures__/invalid-tsconfig.json)"`;
