// Jest Snapshot v1, https://goo.gl/fbAQLP

exports[`@rnx-kit/config tests kit options can be found in config file 1`] = `
Object {
  "bundle": Object {
    "assetsPath": "./build-out/assets",
    "bundlePrefix": "main",
    "distPath": "./build-out",
    "entryPath": "./core-entry.js",
    "id": "core",
    "platforms": Object {
      "android": Object {
        "assetsPath": "./build-out/res",
      },
    },
    "targets": Array [
      "ios",
      "android",
      "macos",
      "windows",
    ],
  },
  "dependencies": [Function],
  "platformBundle": Object {
    "bundlePrefix": "fakeIndex",
    "distPath": "./distro",
  },
}
`;

exports[`@rnx-kit/config tests kit options can be found in package.json 1`] = `
Object {
  "bundle": true,
  "dependencies": Object {
    "bar": "2.1.1",
    "foo": "0.1.1",
  },
  "platformBundle": true,
}
`;

exports[`@rnx-kit/config tests kit options can be loaded via path 1`] = `
Object {
  "bundle": true,
  "dependencies": Object {
    "bar": "2.1.1",
    "foo": "0.1.1",
  },
  "platformBundle": true,
}
`;
